Microchip MPLAB XC8 Compiler V1.33 ()

Linker command line:

--edf=C:\Program Files (x86)\Microchip\xc8\v1.33\dat\en_msgs.txt -cs \
  -h+dist/default/production\Practica9_2.X.production.sym \
  --cmf=dist/default/production\Practica9_2.X.production.cmf -z -Q16LF1936 \
  -oC:\Users\toshiba\AppData\Local\Temp\s3kc.6 \
  -Mdist/default/production/Practica9_2.X.production.map -E1 -ver=XC8 \
  -ASTACK=020A0h-021efh -pstack=STACK -ACONST=00h-0FFhx32 \
  -ACODE=00h-07FFhx4 -ASTRCODE=00h-01FFFh -AENTRY=00h-0FFhx32 \
  -ASTRING=00h-0FFhx32 -ACOMMON=070h-07Fh -ABANK0=020h-06Fh \
  -ABANK1=0A0h-0EFh -ABANK2=0120h-016Fh -ABANK3=01A0h-01EFh \
  -ABANK4=0220h-026Fh -ABANK5=02A0h-02EFh -ABANK6=0320h-032Fh \
  -ABIGRAM=02000h-021EFh \
  -ARAM=020h-06Fh,0A0h-0EFh,0120h-016Fh,01A0h-01EFh,0220h-026Fh,02A0h-02EFh,0320h-032Fh \
  -AABS1=020h-07Fh,0A0h-0EFh,0120h-016Fh,01A0h-01EFh,0220h-026Fh,02A0h-02EFh,0320h-032Fh \
  -ASFR0=00h-01Fh -ASFR1=080h-09Fh -ASFR2=0100h-011Fh -ASFR3=0180h-019Fh \
  -ASFR4=0200h-021Fh -ASFR5=0280h-029Fh -ASFR6=0300h-031Fh \
  -ASFR7=0380h-03EFh -ASFR8=0400h-046Fh -ASFR9=0480h-04EFh \
  -ASFR10=0500h-056Fh -ASFR11=0580h-05EFh -ASFR12=0600h-066Fh \
  -ASFR13=0680h-06EFh -ASFR14=0700h-076Fh -ASFR15=0780h-07EFh \
  -ASFR16=0800h-086Fh -ASFR17=0880h-08EFh -ASFR18=0900h-096Fh \
  -ASFR19=0980h-09EFh -ASFR20=0A00h-0A6Fh -ASFR21=0A80h-0AEFh \
  -ASFR22=0B00h-0B6Fh -ASFR23=0B80h-0BEFh -ASFR24=0C00h-0C6Fh \
  -ASFR25=0C80h-0CEFh -ASFR26=0D00h-0D6Fh -ASFR27=0D80h-0DEFh \
  -ASFR28=0E00h-0E6Fh -ASFR29=0E80h-0EEFh -ASFR30=0F00h-0F6Fh \
  -ASFR31=0F80h-0FEFh -preset_vec=00h,intentry,init,end_init -ppowerup=CODE \
  -pcinit=CODE -pfunctab=CODE -ACONFIG=08007h-08008h -pconfig=CONFIG \
  -DCONFIG=2 -AIDLOC=08000h-08003h -pidloc=IDLOC -DIDLOC=2 \
  -AEEDATA=00h-0FFh/0F000h -peeprom_data=EEDATA -DEEDATA=2 -DCODE=2 \
  -DSTRCODE=2 -DSTRING=2 -DCONST=2 -DENTRY=2 -k \
  C:\Users\toshiba\AppData\Local\Temp\s3kc.obj \
  dist/default/production\Practica9_2.X.production.obj 

Object code version is 3.11

Machine type is 16LF1936



                Name                               Link     Load   Length Selector   Space Scale
C:\Users\toshiba\AppData\Local\Temp\s3kc.obj
                end_init                              2        2        2        0       0
                reset_vec                             0        0        2        0       0
                config                             8007     8007        2    1000E       0
dist/default/production\Practica9_2.X.production.obj
                cinit                               7F1      7F1        F      FE2       0
                text12                              6FD      6FD       1D      DFA       0
                text11                              6B6      6B6        E      D6C       0
                text10                              786      786       6B      F0C       0
                text9                               691      691        5      D22       0
                text8                               6A1      6A1        7      D42       0
                text7                               71A      71A       30      E34       0
                text6                               6A8      6A8        7      D50       0
                text5                               696      696        5      D2C       0
                text4                               6E7      6E7       16      DCE       0
                text3                               74A      74A       3C      E94       0
                text2                               6D3      6D3       14      DA6       0
                text1                               6C4      6C4        F      D88       0
                maintext                            6AF      6AF        7      D5E       0
                cstackBANK0                          24       24        3       20       1
                cstackCOMMON                         70       70        E       70       1
                clrtext                             69B      69B        6      D36       0
                bssBANK1                             A0       A0       50       A0       1
                bssBANK0                             20       20        4       20       1

TOTAL           Name                               Link     Load   Length     Space
        CLASS   STACK          

        CLASS   CONST          

        CLASS   CODE           
                end_init                              2        2        2         0
                cinit                               7F1      7F1        F         0
                reset_vec                             0        0        2         0
                text12                              6FD      6FD       1D         0
                text11                              6B6      6B6        E         0
                text10                              786      786       6B         0
                text9                               691      691        5         0
                text8                               6A1      6A1        7         0
                text7                               71A      71A       30         0
                text6                               6A8      6A8        7         0
                text5                               696      696        5         0
                text4                               6E7      6E7       16         0
                text3                               74A      74A       3C         0
                text2                               6D3      6D3       14         0
                text1                               6C4      6C4        F         0
                maintext                            6AF      6AF        7         0
                clrtext                             69B      69B        6         0

        CLASS   STRCODE        

        CLASS   ENTRY          

        CLASS   STRING         

        CLASS   COMMON         
                cstackCOMMON                         70       70        E         1

        CLASS   BANK0          
                cstackBANK0                          24       24        3         1
                bssBANK0                             20       20        4         1

        CLASS   BANK1          
                bssBANK1                             A0       A0       50         1

        CLASS   BANK2          

        CLASS   BANK3          

        CLASS   BANK4          

        CLASS   BANK5          

        CLASS   BANK6          

        CLASS   BIGRAM         

        CLASS   RAM            

        CLASS   ABS1           
                abs_s1                               7E       7E        2         1

        CLASS   SFR0           

        CLASS   SFR1           

        CLASS   SFR2           

        CLASS   SFR3           

        CLASS   SFR4           

        CLASS   SFR5           

        CLASS   SFR6           

        CLASS   SFR7           

        CLASS   SFR8           

        CLASS   SFR9           

        CLASS   SFR10          

        CLASS   SFR11          

        CLASS   SFR12          

        CLASS   SFR13          

        CLASS   SFR14          

        CLASS   SFR15          

        CLASS   SFR16          

        CLASS   SFR17          

        CLASS   SFR18          

        CLASS   SFR19          

        CLASS   SFR20          

        CLASS   SFR21          

        CLASS   SFR22          

        CLASS   SFR23          

        CLASS   SFR24          

        CLASS   SFR25          

        CLASS   SFR26          

        CLASS   SFR27          

        CLASS   SFR28          

        CLASS   SFR29          

        CLASS   SFR30          

        CLASS   SFR31          

        CLASS   CONFIG         
                config                             8007     8007        2         0

        CLASS   IDLOC          

        CLASS   EEDATA         

        CLASS   BANK31         

        CLASS   BANK30         

        CLASS   BANK29         

        CLASS   BANK28         

        CLASS   BANK27         

        CLASS   BANK26         

        CLASS   BANK25         

        CLASS   BANK24         

        CLASS   BANK23         

        CLASS   BANK22         

        CLASS   BANK21         

        CLASS   BANK20         

        CLASS   BANK19         

        CLASS   BANK18         

        CLASS   BANK17         

        CLASS   BANK16         

        CLASS   BANK15         

        CLASS   BANK14         

        CLASS   BANK13         

        CLASS   BANK12         

        CLASS   BANK11         

        CLASS   BANK10         

        CLASS   BANK9          

        CLASS   BANK8          

        CLASS   BANK7          



SEGMENTS        Name                           Load    Length   Top    Selector   Space  Class     Delta

                reset_vec                      000000  000004  000004         0       0  CODE        2
                bssBANK0                       000020  000007  000027        20       1  BANK0       1
                cstackCOMMON                   000070  00000E  00007E        70       1  COMMON      1
                bssBANK1                       0000A0  000050  0000F0        A0       1  BANK1       1
                text9                          000691  000005  000696       D22       0  CODE        2
                text5                          000696  000005  00069B       D2C       0  CODE        2
                clrtext                        00069B  000006  0006A1       D36       0  CODE        2
                text8                          0006A1  000007  0006A8       D42       0  CODE        2
                text6                          0006A8  000007  0006AF       D50       0  CODE        2
                maintext                       0006AF  000007  0006B6       D5E       0  CODE        2
                text11                         0006B6  00000E  0006C4       D6C       0  CODE        2
                text1                          0006C4  00000F  0006D3       D88       0  CODE        2
                text2                          0006D3  000014  0006E7       DA6       0  CODE        2
                text4                          0006E7  000016  0006FD       DCE       0  CODE        2
                text12                         0006FD  00001D  00071A       DFA       0  CODE        2
                text7                          00071A  000030  00074A       E34       0  CODE        2
                text3                          00074A  00003C  000786       E94       0  CODE        2
                text10                         000786  00006B  0007F1       F0C       0  CODE        2
                cinit                          0007F1  00000F  000800       FE2       0  CODE        2
                config                         008007  000002  008009     1000E       0  CONFIG      2


UNUSED ADDRESS RANGES

        Name                Unused          Largest block    Delta
        BANK0            00027-0006F              49           1
        BANK2            00120-0016F              50           1
        BANK3            001A0-001EF              50           1
        BANK4            00220-0026F              50           1
        BANK5            002A0-002EF              50           1
        BANK6            00320-0032F              10           1
        BIGRAM           02000-021EF             1F0           1
        CODE             00004-00690             68D           2
                         00800-01FFF             800
        CONST            00004-00690             100           2
                         00800-01FFF             100
        EEDATA           0F000-0F0FF             100           2
        ENTRY            00004-00690             100           2
                         00800-01FFF             100
        IDLOC            08000-08003               4           2
        RAM              00027-0006F              49           1
                         00120-0016F              50
                         001A0-001EF              50
                         00220-0026F              50
                         002A0-002EF              50
                         00320-0032F              10
        SFR0             00000-0001F              20           1
        SFR1             00080-0009F              20           1
        SFR10            00500-0056F              70           1
        SFR11            00580-005EF              70           1
        SFR12            00600-0066F              70           1
        SFR13            00680-006EF              70           1
        SFR14            00700-0076F              70           1
        SFR15            00780-007EF              70           1
        SFR16            00800-0086F              70           1
        SFR17            00880-008EF              70           1
        SFR18            00900-0096F              70           1
        SFR19            00980-009EF              70           1
        SFR2             00100-0011F              20           1
        SFR20            00A00-00A6F              70           1
        SFR21            00A80-00AEF              70           1
        SFR22            00B00-00B6F              70           1
        SFR23            00B80-00BEF              70           1
        SFR24            00C00-00C6F              70           1
        SFR25            00C80-00CEF              70           1
        SFR26            00D00-00D6F              70           1
        SFR27            00D80-00DEF              70           1
        SFR28            00E00-00E6F              70           1
        SFR29            00E80-00EEF              70           1
        SFR3             00180-0019F              20           1
        SFR30            00F00-00F6F              70           1
        SFR31            00F80-00FEF              70           1
        SFR4             00200-0021F              20           1
        SFR5             00280-0029F              20           1
        SFR6             00300-0031F              20           1
        SFR7             00380-003EF              70           1
        SFR8             00400-0046F              70           1
        SFR9             00480-004EF              70           1
        STACK            020A0-021EF             150           1
        STRCODE          00004-00690             68D           2
                         00800-01FFF            1800
        STRING           00004-00690             100           2
                         00800-01FFF             100

                                  Symbol Table

?___wmul                 cstackCOMMON 00070
?_atoi                   cstackCOMMON 00076
_ANSELA                  (abs)        0018C
_BAUDCONbits             (abs)        0019F
_OSCCONbits              (abs)        00099
_PIR1bits                (abs)        00011
_PORTA                   (abs)        0000C
_PORTAbits               (abs)        0000C
_RCREG                   (abs)        00199
_RCSTA                   (abs)        0019D
_RCSTAbits               (abs)        0019D
_SPBRG                   (abs)        0019B
_TRISAbits               (abs)        0008C
_TRISCbits               (abs)        0008E
_TXREG                   (abs)        0019A
_TXSTA                   (abs)        0019E
_TXSTAbits               (abs)        0019E
__CFG_BOREN$OFF          (abs)        00000
__CFG_BORV$LO            (abs)        00000
__CFG_CLKOUTEN$OFF       (abs)        00000
__CFG_CP$OFF             (abs)        00000
__CFG_CPD$OFF            (abs)        00000
__CFG_FCMEN$OFF          (abs)        00000
__CFG_FOSC$INTOSC        (abs)        00000
__CFG_IESO$OFF           (abs)        00000
__CFG_LVP$OFF            (abs)        00000
__CFG_MCLRE$OFF          (abs)        00000
__CFG_PLLEN$OFF          (abs)        00000
__CFG_PWRTE$OFF          (abs)        00000
__CFG_STVREN$OFF         (abs)        00000
__CFG_WDTE$OFF           (abs)        00000
__CFG_WRT$OFF            (abs)        00000
__Habs1                  abs1         00000
__Hbank0                 bank0        00000
__Hbank1                 bank1        00000
__Hbank10                bank10       00000
__Hbank11                bank11       00000
__Hbank12                bank12       00000
__Hbank13                bank13       00000
__Hbank14                bank14       00000
__Hbank15                bank15       00000
__Hbank16                bank16       00000
__Hbank17                bank17       00000
__Hbank18                bank18       00000
__Hbank19                bank19       00000
__Hbank2                 bank2        00000
__Hbank20                bank20       00000
__Hbank21                bank21       00000
__Hbank22                bank22       00000
__Hbank23                bank23       00000
__Hbank24                bank24       00000
__Hbank25                bank25       00000
__Hbank26                bank26       00000
__Hbank27                bank27       00000
__Hbank28                bank28       00000
__Hbank29                bank29       00000
__Hbank3                 bank3        00000
__Hbank30                bank30       00000
__Hbank31                bank31       00000
__Hbank4                 bank4        00000
__Hbank5                 bank5        00000
__Hbank6                 bank6        00000
__Hbank7                 bank7        00000
__Hbank8                 bank8        00000
__Hbank9                 bank9        00000
__Hbigram                bigram       00000
__HbssBANK0              bssBANK0     00000
__HbssBANK1              bssBANK1     00000
__Hcinit                 cinit        00800
__Hclrtext               clrtext      00000
__Hcode                  code         00000
__Hcommon                common       00000
__Hconfig                config       08009
__HcstackBANK0           cstackBANK0  00000
__HcstackCOMMON          cstackCOMMON 00000
__Heeprom_data           eeprom_data  00000
__Hend_init              end_init     00004
__Hfunctab               functab      00000
__Hidloc                 idloc        00000
__Hinit                  init         00002
__Hintentry              intentry     00002
__Hmaintext              maintext     00000
__Hpowerup               powerup      00000
__Hram                   ram          00000
__Hreset_vec             reset_vec    00002
__Hsfr0                  sfr0         00000
__Hsfr1                  sfr1         00000
__Hsfr10                 sfr10        00000
__Hsfr11                 sfr11        00000
__Hsfr12                 sfr12        00000
__Hsfr13                 sfr13        00000
__Hsfr14                 sfr14        00000
__Hsfr15                 sfr15        00000
__Hsfr16                 sfr16        00000
__Hsfr17                 sfr17        00000
__Hsfr18                 sfr18        00000
__Hsfr19                 sfr19        00000
__Hsfr2                  sfr2         00000
__Hsfr20                 sfr20        00000
__Hsfr21                 sfr21        00000
__Hsfr22                 sfr22        00000
__Hsfr23                 sfr23        00000
__Hsfr24                 sfr24        00000
__Hsfr25                 sfr25        00000
__Hsfr26                 sfr26        00000
__Hsfr27                 sfr27        00000
__Hsfr28                 sfr28        00000
__Hsfr29                 sfr29        00000
__Hsfr3                  sfr3         00000
__Hsfr30                 sfr30        00000
__Hsfr31                 sfr31        00000
__Hsfr4                  sfr4         00000
__Hsfr5                  sfr5         00000
__Hsfr6                  sfr6         00000
__Hsfr7                  sfr7         00000
__Hsfr8                  sfr8         00000
__Hsfr9                  sfr9         00000
__Hspace_0               (abs)        08009
__Hspace_1               (abs)        000F0
__Hspace_2               (abs)        00000
__Hspace_3               (abs)        00000
__Hstack                 stack        00000
__Hstrings               strings      00000
__Htext                  text         00000
__Labs1                  abs1         00000
__Lbank0                 bank0        00000
__Lbank1                 bank1        00000
__Lbank10                bank10       00000
__Lbank11                bank11       00000
__Lbank12                bank12       00000
__Lbank13                bank13       00000
__Lbank14                bank14       00000
__Lbank15                bank15       00000
__Lbank16                bank16       00000
__Lbank17                bank17       00000
__Lbank18                bank18       00000
__Lbank19                bank19       00000
__Lbank2                 bank2        00000
__Lbank20                bank20       00000
__Lbank21                bank21       00000
__Lbank22                bank22       00000
__Lbank23                bank23       00000
__Lbank24                bank24       00000
__Lbank25                bank25       00000
__Lbank26                bank26       00000
__Lbank27                bank27       00000
__Lbank28                bank28       00000
__Lbank29                bank29       00000
__Lbank3                 bank3        00000
__Lbank30                bank30       00000
__Lbank31                bank31       00000
__Lbank4                 bank4        00000
__Lbank5                 bank5        00000
__Lbank6                 bank6        00000
__Lbank7                 bank7        00000
__Lbank8                 bank8        00000
__Lbank9                 bank9        00000
__Lbigram                bigram       00000
__LbssBANK0              bssBANK0     00000
__LbssBANK1              bssBANK1     00000
__Lcinit                 cinit        007F1
__Lclrtext               clrtext      00000
__Lcode                  code         00000
__Lcommon                common       00000
__Lconfig                config       08007
__LcstackBANK0           cstackBANK0  00000
__LcstackCOMMON          cstackCOMMON 00000
__Leeprom_data           eeprom_data  00000
__Lend_init              end_init     00002
__Lfunctab               functab      00000
__Lidloc                 idloc        00000
__Linit                  init         00002
__Lintentry              intentry     00002
__Lmaintext              maintext     00000
__Lpowerup               powerup      00000
__Lram                   ram          00000
__Lreset_vec             reset_vec    00000
__Lsfr0                  sfr0         00000
__Lsfr1                  sfr1         00000
__Lsfr10                 sfr10        00000
__Lsfr11                 sfr11        00000
__Lsfr12                 sfr12        00000
__Lsfr13                 sfr13        00000
__Lsfr14                 sfr14        00000
__Lsfr15                 sfr15        00000
__Lsfr16                 sfr16        00000
__Lsfr17                 sfr17        00000
__Lsfr18                 sfr18        00000
__Lsfr19                 sfr19        00000
__Lsfr2                  sfr2         00000
__Lsfr20                 sfr20        00000
__Lsfr21                 sfr21        00000
__Lsfr22                 sfr22        00000
__Lsfr23                 sfr23        00000
__Lsfr24                 sfr24        00000
__Lsfr25                 sfr25        00000
__Lsfr26                 sfr26        00000
__Lsfr27                 sfr27        00000
__Lsfr28                 sfr28        00000
__Lsfr29                 sfr29        00000
__Lsfr3                  sfr3         00000
__Lsfr30                 sfr30        00000
__Lsfr31                 sfr31        00000
__Lsfr4                  sfr4         00000
__Lsfr5                  sfr5         00000
__Lsfr6                  sfr6         00000
__Lsfr7                  sfr7         00000
__Lsfr8                  sfr8         00000
__Lsfr9                  sfr9         00000
__Lspace_0               (abs)        00000
__Lspace_1               (abs)        00000
__Lspace_2               (abs)        00000
__Lspace_3               (abs)        00000
__Lstack                 stack        00000
__Lstrings               strings      00000
__Ltext                  text         00000
__S0                     (abs)        08009
__S1                     (abs)        000F0
__S2                     (abs)        00000
__S3                     (abs)        00000
___int_sp                stack        00000
___latbits               (abs)        00002
___sp                    stack        00000
___wmul                  text12       006FD
___wmul@multiplicand     cstackCOMMON 00072
___wmul@multiplier       cstackCOMMON 00070
___wmul@product          cstackCOMMON 00074
__end_of___wmul          text12       0071A
__end_of__initialization cinit        007FC
__end_of_atoi            text10       007F1
__end_of_busyEUSART      text6        006AF
__end_of_dataRdyEUSART   text9        00696
__end_of_isdigit         text11       006C4
__end_of_leerEusart      text7        0074A
__end_of_loop            text3        00786
__end_of_main            maintext     006B6
__end_of_openEUSART      text2        006E7
__end_of_putsEUSART      text4        006FD
__end_of_readEUSART      text8        006A8
__end_of_setup           text1        006D3
__end_of_writeEUSART     text5        0069B
__initialization         cinit        007F1
__pbssBANK0              bssBANK0     00020
__pbssBANK1              bssBANK1     000A0
__pcstackBANK0           cstackBANK0  00024
__pcstackCOMMON          cstackCOMMON 00070
__pmaintext              maintext     006AF
__ptext0                 text0        00000
__ptext1                 text1        006C4
__ptext10                text10       00786
__ptext11                text11       006B6
__ptext12                text12       006FD
__ptext2                 text2        006D3
__ptext3                 text3        0074A
__ptext4                 text4        006E7
__ptext5                 text5        00696
__ptext6                 text6        006A8
__ptext7                 text7        0071A
__ptext8                 text8        006A1
__ptext9                 text9        00691
__size_of___wmul         (abs)        00000
__size_of_atoi           (abs)        00000
__size_of_busyEUSART     (abs)        00000
__size_of_dataRdyEUSART  (abs)        00000
__size_of_isdigit        (abs)        00000
__size_of_leerEusart     (abs)        00000
__size_of_loop           (abs)        00000
__size_of_main           (abs)        00000
__size_of_openEUSART     (abs)        00000
__size_of_putsEUSART     (abs)        00000
__size_of_readEUSART     (abs)        00000
__size_of_setup          (abs)        00000
__size_of_writeEUSART    (abs)        00000
_act                     bssBANK0     00020
_atoi                    text10       00786
_buffer                  bssBANK1     000A0
_busyEUSART              text6        006A8
_dataRdyEUSART           text9        00691
_isdigit                 text11       006B6
_isdigit$505             cstackCOMMON 00070
_leerEusart              text7        0071A
_loop                    text3        0074A
_main                    maintext     006AF
_num                     bssBANK0     00022
_openEUSART              text2        006D3
_putsEUSART              text4        006E7
_readEUSART              text8        006A1
_setup                   text1        006C4
_writeEUSART             text5        00696
atoi@a                   cstackCOMMON 0007B
atoi@s                   cstackCOMMON 0007D
atoi@sign                cstackCOMMON 0007A
btemp                    (abs)        0007E
clear_ram0               clrtext      0069B
end_of_initialization    cinit        007FC
intlevel0                functab      00000
intlevel1                functab      00000
intlevel2                functab      00000
intlevel3                functab      00000
intlevel4                functab      00000
intlevel5                functab      00000
isdigit@c                cstackCOMMON 00071
leerEusart@c             cstackBANK0  00025
leerEusart@i             cstackBANK0  00026
ltemp                    (abs)        0007E
ltemp0                   (abs)        0007E
ltemp1                   (abs)        00082
ltemp2                   (abs)        00086
ltemp3                   (abs)        00080
pic14e$flags             (abs)        0007E
putsEUSART@buffer        cstackCOMMON 00071
readEUSART@data          cstackCOMMON 00071
reset_vec                reset_vec    00000
stackhi                  (abs)        021EF
stacklo                  (abs)        020A0
start                    init         00002
start_initialization     cinit        007F1
ttemp                    (abs)        0007E
ttemp0                   (abs)        0007E
ttemp1                   (abs)        00081
ttemp2                   (abs)        00084
ttemp3                   (abs)        00087
ttemp4                   (abs)        0007F
writeEUSART@data         cstackCOMMON 00070
wtemp                    (abs)        0007E
wtemp0                   (abs)        0007E
wtemp1                   (abs)        00080
wtemp2                   (abs)        00082
wtemp3                   (abs)        00084
wtemp4                   (abs)        00086
wtemp5                   (abs)        00088
wtemp6                   (abs)        0007F


FUNCTION INFORMATION:

 *************** function _main *****************
 Defined at:
		line 90 in file "principal.c"
 Parameters:    Size  Location     Type
		None
 Auto vars:     Size  Location     Type
		None
 Return value:  Size  Location     Type
		None               void
 Registers used:
		wreg, fsr1l, fsr1h, status,2, status,0, pclath, cstack
 Tracked objects:
		On entry : 
		On exit  : 
		Unchanged: 
 Data sizes:     COMMON   BANK0   BANK1   BANK2   BANK3   BANK4   BANK5   BANK6
      Params:         0       0       0       0       0       0       0       0
      Locals:         0       0       0       0       0       0       0       0
      Temps:          0       0       0       0       0       0       0       0
      Totals:         0       0       0       0       0       0       0       0
Total ram usage:        0 bytes
 Hardware stack levels required when called:    4
 This function calls:
		_loop
		_setup
 This function is called by:
		Startup code after reset
 This function uses a non-reentrant model


 *************** function _setup *****************
 Defined at:
		line 35 in file "principal.c"
 Parameters:    Size  Location     Type
		None
 Auto vars:     Size  Location     Type
		None
 Return value:  Size  Location     Type
		None               void
 Registers used:
		wreg, status,2, status,0, pclath, cstack
 Tracked objects:
		On entry : 
		On exit  : 
		Unchanged: 
 Data sizes:     COMMON   BANK0   BANK1   BANK2   BANK3   BANK4   BANK5   BANK6
      Params:         0       0       0       0       0       0       0       0
      Locals:         0       0       0       0       0       0       0       0
      Temps:          0       0       0       0       0       0       0       0
      Totals:         0       0       0       0       0       0       0       0
Total ram usage:        0 bytes
 Hardware stack levels used:    1
 Hardware stack levels required when called:    1
 This function calls:
		_openEUSART
 This function is called by:
		_main
 This function uses a non-reentrant model


 *************** function _openEUSART *****************
 Defined at:
		line 11 in file "usart.c"
 Parameters:    Size  Location     Type
		None
 Auto vars:     Size  Location     Type
		None
 Return value:  Size  Location     Type
		None               void
 Registers used:
		wreg, status,2
 Tracked objects:
		On entry : 
		On exit  : 
		Unchanged: 
 Data sizes:     COMMON   BANK0   BANK1   BANK2   BANK3   BANK4   BANK5   BANK6
      Params:         0       0       0       0       0       0       0       0
      Locals:         0       0       0       0       0       0       0       0
      Temps:          0       0       0       0       0       0       0       0
      Totals:         0       0       0       0       0       0       0       0
Total ram usage:        0 bytes
 Hardware stack levels used:    1
 This function calls:
		Nothing
 This function is called by:
		_setup
 This function uses a non-reentrant model


 *************** function _loop *****************
 Defined at:
		line 60 in file "principal.c"
 Parameters:    Size  Location     Type
		None
 Auto vars:     Size  Location     Type
		None
 Return value:  Size  Location     Type
		None               void
 Registers used:
		wreg, fsr1l, fsr1h, status,2, status,0, pclath, cstack
 Tracked objects:
		On entry : 
		On exit  : 
		Unchanged: 
 Data sizes:     COMMON   BANK0   BANK1   BANK2   BANK3   BANK4   BANK5   BANK6
      Params:         0       0       0       0       0       0       0       0
      Locals:         0       0       0       0       0       0       0       0
      Temps:          0       0       0       0       0       0       0       0
      Totals:         0       0       0       0       0       0       0       0
Total ram usage:        0 bytes
 Hardware stack levels used:    1
 Hardware stack levels required when called:    3
 This function calls:
		_busyEUSART
		_leerEusart
		_putsEUSART
 This function is called by:
		_main
 This function uses a non-reentrant model


 *************** function _putsEUSART *****************
 Defined at:
		line 49 in file "usart.c"
 Parameters:    Size  Location     Type
  buffer          1    wreg     PTR unsigned char 
		 -> buffer(80), 
 Auto vars:     Size  Location     Type
  buffer          1    1[COMMON] PTR unsigned char 
		 -> buffer(80), 
 Return value:  Size  Location     Type
		None               void
 Registers used:
		wreg, fsr1l, fsr1h, status,2, status,0, pclath, cstack
 Tracked objects:
		On entry : 
		On exit  : 
		Unchanged: 
 Data sizes:     COMMON   BANK0   BANK1   BANK2   BANK3   BANK4   BANK5   BANK6
      Params:         0       0       0       0       0       0       0       0
      Locals:         1       0       0       0       0       0       0       0
      Temps:          0       0       0       0       0       0       0       0
      Totals:         1       0       0       0       0       0       0       0
Total ram usage:        1 bytes
 Hardware stack levels used:    1
 Hardware stack levels required when called:    1
 This function calls:
		_busyEUSART
		_writeEUSART
 This function is called by:
		_loop
 This function uses a non-reentrant model


 *************** function _writeEUSART *****************
 Defined at:
		line 45 in file "usart.c"
 Parameters:    Size  Location     Type
  data            1    wreg     unsigned char 
 Auto vars:     Size  Location     Type
  data            1    0[COMMON] unsigned char 
 Return value:  Size  Location     Type
		None               void
 Registers used:
		wreg
 Tracked objects:
		On entry : 
		On exit  : 
		Unchanged: 
 Data sizes:     COMMON   BANK0   BANK1   BANK2   BANK3   BANK4   BANK5   BANK6
      Params:         0       0       0       0       0       0       0       0
      Locals:         1       0       0       0       0       0       0       0
      Temps:          0       0       0       0       0       0       0       0
      Totals:         1       0       0       0       0       0       0       0
Total ram usage:        1 bytes
 Hardware stack levels used:    1
 This function calls:
		Nothing
 This function is called by:
		_putsEUSART
 This function uses a non-reentrant model


 *************** function _busyEUSART *****************
 Defined at:
		line 33 in file "usart.c"
 Parameters:    Size  Location     Type
		None
 Auto vars:     Size  Location     Type
		None
 Return value:  Size  Location     Type
                  1    wreg      unsigned char 
 Registers used:
		wreg
 Tracked objects:
		On entry : 
		On exit  : 
		Unchanged: 
 Data sizes:     COMMON   BANK0   BANK1   BANK2   BANK3   BANK4   BANK5   BANK6
      Params:         0       0       0       0       0       0       0       0
      Locals:         0       0       0       0       0       0       0       0
      Temps:          0       0       0       0       0       0       0       0
      Totals:         0       0       0       0       0       0       0       0
Total ram usage:        0 bytes
 Hardware stack levels used:    1
 This function calls:
		Nothing
 This function is called by:
		_loop
		_putsEUSART
 This function uses a non-reentrant model


 *************** function _leerEusart *****************
 Defined at:
		line 46 in file "principal.c"
 Parameters:    Size  Location     Type
		None
 Auto vars:     Size  Location     Type
  i               1    2[BANK0 ] unsigned char 
  c               1    1[BANK0 ] unsigned char 
 Return value:  Size  Location     Type
		None               void
 Registers used:
		wreg, fsr1l, fsr1h, status,2, status,0, pclath, cstack
 Tracked objects:
		On entry : 
		On exit  : 
		Unchanged: 
 Data sizes:     COMMON   BANK0   BANK1   BANK2   BANK3   BANK4   BANK5   BANK6
      Params:         0       0       0       0       0       0       0       0
      Locals:         0       2       0       0       0       0       0       0
      Temps:          0       1       0       0       0       0       0       0
      Totals:         0       3       0       0       0       0       0       0
Total ram usage:        3 bytes
 Hardware stack levels used:    1
 Hardware stack levels required when called:    2
 This function calls:
		_atoi
		_dataRdyEUSART
		_readEUSART
 This function is called by:
		_loop
 This function uses a non-reentrant model


 *************** function _readEUSART *****************
 Defined at:
		line 39 in file "usart.c"
 Parameters:    Size  Location     Type
		None
 Auto vars:     Size  Location     Type
  data            1    1[COMMON] unsigned char 
 Return value:  Size  Location     Type
                  1    wreg      unsigned char 
 Registers used:
		wreg
 Tracked objects:
		On entry : 
		On exit  : 
		Unchanged: 
 Data sizes:     COMMON   BANK0   BANK1   BANK2   BANK3   BANK4   BANK5   BANK6
      Params:         0       0       0       0       0       0       0       0
      Locals:         1       0       0       0       0       0       0       0
      Temps:          1       0       0       0       0       0       0       0
      Totals:         2       0       0       0       0       0       0       0
Total ram usage:        2 bytes
 Hardware stack levels used:    1
 This function calls:
		Nothing
 This function is called by:
		_leerEusart
 This function uses a non-reentrant model


 *************** function _dataRdyEUSART *****************
 Defined at:
		line 56 in file "usart.c"
 Parameters:    Size  Location     Type
		None
 Auto vars:     Size  Location     Type
		None
 Return value:  Size  Location     Type
                  1    wreg      unsigned char 
 Registers used:
		wreg, status,2, status,0
 Tracked objects:
		On entry : 
		On exit  : 
		Unchanged: 
 Data sizes:     COMMON   BANK0   BANK1   BANK2   BANK3   BANK4   BANK5   BANK6
      Params:         0       0       0       0       0       0       0       0
      Locals:         0       0       0       0       0       0       0       0
      Temps:          0       0       0       0       0       0       0       0
      Totals:         0       0       0       0       0       0       0       0
Total ram usage:        0 bytes
 Hardware stack levels used:    1
 This function calls:
		Nothing
 This function is called by:
		_leerEusart
 This function uses a non-reentrant model


 *************** function _atoi *****************
 Defined at:
		line 5 in file "C:\Program Files (x86)\Microchip\xc8\v1.33\sources\common\atoi.c"
 Parameters:    Size  Location     Type
  s               1    wreg     PTR const unsigned char 
		 -> buffer(80), 
 Auto vars:     Size  Location     Type
  s               1   13[COMMON] PTR const unsigned char 
		 -> buffer(80), 
  a               2   11[COMMON] int 
  sign            1   10[COMMON] unsigned char 
 Return value:  Size  Location     Type
                  2    6[COMMON] int 
 Registers used:
		wreg, fsr1l, fsr1h, status,2, status,0, pclath, cstack
 Tracked objects:
		On entry : 
		On exit  : 
		Unchanged: 
 Data sizes:     COMMON   BANK0   BANK1   BANK2   BANK3   BANK4   BANK5   BANK6
      Params:         2       0       0       0       0       0       0       0
      Locals:         4       0       0       0       0       0       0       0
      Temps:          2       0       0       0       0       0       0       0
      Totals:         8       0       0       0       0       0       0       0
Total ram usage:        8 bytes
 Hardware stack levels used:    1
 Hardware stack levels required when called:    1
 This function calls:
		___wmul
		_isdigit
 This function is called by:
		_leerEusart
 This function uses a non-reentrant model


 *************** function _isdigit *****************
 Defined at:
		line 8 in file "C:\Program Files (x86)\Microchip\xc8\v1.33\sources\common\isdigit.c"
 Parameters:    Size  Location     Type
  c               1    wreg     unsigned char 
 Auto vars:     Size  Location     Type
  c               1    1[COMMON] unsigned char 
 Return value:  Size  Location     Type
		None               void
 Registers used:
		wreg, status,2, status,0
 Tracked objects:
		On entry : 
		On exit  : 
		Unchanged: 
 Data sizes:     COMMON   BANK0   BANK1   BANK2   BANK3   BANK4   BANK5   BANK6
      Params:         0       0       0       0       0       0       0       0
      Locals:         2       0       0       0       0       0       0       0
      Temps:          0       0       0       0       0       0       0       0
      Totals:         2       0       0       0       0       0       0       0
Total ram usage:        2 bytes
 Hardware stack levels used:    1
 This function calls:
		Nothing
 This function is called by:
		_atoi
 This function uses a non-reentrant model


 *************** function ___wmul *****************
 Defined at:
		line 15 in file "C:\Program Files (x86)\Microchip\xc8\v1.33\sources\common\Umul16.c"
 Parameters:    Size  Location     Type
  multiplier      2    0[COMMON] unsigned int 
  multiplicand    2    2[COMMON] unsigned int 
 Auto vars:     Size  Location     Type
  product         2    4[COMMON] unsigned int 
 Return value:  Size  Location     Type
                  2    0[COMMON] unsigned int 
 Registers used:
		wreg, status,2, status,0
 Tracked objects:
		On entry : 
		On exit  : 
		Unchanged: 
 Data sizes:     COMMON   BANK0   BANK1   BANK2   BANK3   BANK4   BANK5   BANK6
      Params:         4       0       0       0       0       0       0       0
      Locals:         2       0       0       0       0       0       0       0
      Temps:          0       0       0       0       0       0       0       0
      Totals:         6       0       0       0       0       0       0       0
Total ram usage:        6 bytes
 Hardware stack levels used:    1
 This function calls:
		Nothing
 This function is called by:
		_atoi
 This function uses a non-reentrant model



MODULE INFORMATION

Module		Function		Class		Link	Load	Size
principal.c
		_loop          		CODE           	074A	0000	60
		_main          		CODE           	06AF	0000	7
		_setup         		CODE           	06C4	0000	15
		_leerEusart    		CODE           	071A	0000	48

principal.c estimated size: 130

C:\Program Files (x86)\Microchip\xc8\v1.33\sources\common\Umul16.c
		___wmul        		CODE           	06FD	0000	29

C:\Program Files (x86)\Microchip\xc8\v1.33\sources\common\Umul16.c estimated size: 29

usart.c
		_busyEUSART    		CODE           	06A8	0000	7
		_dataRdyEUSART 		CODE           	0691	0000	5
		_readEUSART    		CODE           	06A1	0000	7
		_openEUSART    		CODE           	06D3	0000	20
		_putsEUSART    		CODE           	06E7	0000	22
		_writeEUSART   		CODE           	0696	0000	5

usart.c estimated size: 66

C:\Program Files (x86)\Microchip\xc8\v1.33\sources\common\atoi.c
		_atoi          		CODE           	0786	0000	107

C:\Program Files (x86)\Microchip\xc8\v1.33\sources\common\atoi.c estimated size: 107

shared
		__initializatio		CODE           	07F1	0000	11

shared estimated size: 11

C:\Program Files (x86)\Microchip\xc8\v1.33\sources\common\isdigit.c
		_isdigit       		CODE           	06B6	0000	14

C:\Program Files (x86)\Microchip\xc8\v1.33\sources\common\isdigit.c estimated size: 14

